[32m[Nest] 14392  - [39m05/09/2026, 00.34.09 [32m    LOG[39m [38;5;3m[NestFactory] [39m[32mStarting Nest application...[39m
[32m[Nest] 14392  - [39m05/09/2026, 00.34.09 [32m    LOG[39m [38;5;3m[InstanceLoader] [39m[32mPrismaModule dependencies initialized[39m[38;5;3m +25ms[39m
[32m[Nest] 14392  - [39m05/09/2026, 00.34.09 [32m    LOG[39m [38;5;3m[InstanceLoader] [39m[32mJwtModule dependencies initialized[39m[38;5;3m +4ms[39m
[32m[Nest] 14392  - [39m05/09/2026, 00.34.09 [32m    LOG[39m [38;5;3m[InstanceLoader] [39m[32mAuditModule dependencies initialized[39m[38;5;3m +1ms[39m
[32m[Nest] 14392  - [39m05/09/2026, 00.34.09 [32m    LOG[39m [38;5;3m[InstanceLoader] [39m[32mPromotionsModule dependencies initialized[39m[38;5;3m +0ms[39m
[32m[Nest] 14392  - [39m05/09/2026, 00.34.09 [32m    LOG[39m [38;5;3m[InstanceLoader] [39m[32mConfigHostModule dependencies initialized[39m[38;5;3m +1ms[39m
[32m[Nest] 14392  - [39m05/09/2026, 00.34.09 [32m    LOG[39m [38;5;3m[InstanceLoader] [39m[32mHealthModule dependencies initialized[39m[38;5;3m +0ms[39m
[32m[Nest] 14392  - [39m05/09/2026, 00.34.09 [32m    LOG[39m [38;5;3m[InstanceLoader] [39m[32mUsersModule dependencies initialized[39m[38;5;3m +1ms[39m
[32m[Nest] 14392  - [39m05/09/2026, 00.34.09 [32m    LOG[39m [38;5;3m[InstanceLoader] [39m[32mRolesModule dependencies initialized[39m[38;5;3m +0ms[39m
[32m[Nest] 14392  - [39m05/09/2026, 00.34.09 [32m    LOG[39m [38;5;3m[InstanceLoader] [39m[32mRegionsModule dependencies initialized[39m[38;5;3m +0ms[39m
[32m[Nest] 14392  - [39m05/09/2026, 00.34.09 [32m    LOG[39m [38;5;3m[InstanceLoader] [39m[32mDestinationsModule dependencies initialized[39m[38;5;3m +0ms[39m
[32m[Nest] 14392  - [39m05/09/2026, 00.34.09 [32m    LOG[39m [38;5;3m[InstanceLoader] [39m[32mCategoriesModule dependencies initialized[39m[38;5;3m +0ms[39m
[32m[Nest] 14392  - [39m05/09/2026, 00.34.09 [32m    LOG[39m [38;5;3m[InstanceLoader] [39m[32mActivitiesModule dependencies initialized[39m[38;5;3m +0ms[39m
[32m[Nest] 14392  - [39m05/09/2026, 00.34.09 [32m    LOG[39m [38;5;3m[InstanceLoader] [39m[32mPackagesModule dependencies initialized[39m[38;5;3m +0ms[39m
[32m[Nest] 14392  - [39m05/09/2026, 00.34.09 [32m    LOG[39m [38;5;3m[InstanceLoader] [39m[32mSchedulesModule dependencies initialized[39m[38;5;3m +0ms[39m
[32m[Nest] 14392  - [39m05/09/2026, 00.34.09 [32m    LOG[39m [38;5;3m[InstanceLoader] [39m[32mReviewsModule dependencies initialized[39m[38;5;3m +0ms[39m
[32m[Nest] 14392  - [39m05/09/2026, 00.34.09 [32m    LOG[39m [38;5;3m[InstanceLoader] [39m[32mRefundsModule dependencies initialized[39m[38;5;3m +1ms[39m
[32m[Nest] 14392  - [39m05/09/2026, 00.34.09 [32m    LOG[39m [38;5;3m[InstanceLoader] [39m[32mEarningsModule dependencies initialized[39m[38;5;3m +0ms[39m
[32m[Nest] 14392  - [39m05/09/2026, 00.34.09 [32m    LOG[39m [38;5;3m[InstanceLoader] [39m[32mPayoutsModule dependencies initialized[39m[38;5;3m +0ms[39m
[32m[Nest] 14392  - [39m05/09/2026, 00.34.09 [32m    LOG[39m [38;5;3m[InstanceLoader] [39m[32mCmsModule dependencies initialized[39m[38;5;3m +0ms[39m
[32m[Nest] 14392  - [39m05/09/2026, 00.34.09 [32m    LOG[39m [38;5;3m[InstanceLoader] [39m[32mSearchModule dependencies initialized[39m[38;5;3m +0ms[39m
[32m[Nest] 14392  - [39m05/09/2026, 00.34.09 [32m    LOG[39m [38;5;3m[InstanceLoader] [39m[32mAnalyticsModule dependencies initialized[39m[38;5;3m +0ms[39m
[32m[Nest] 14392  - [39m05/09/2026, 00.34.09 [32m    LOG[39m [38;5;3m[InstanceLoader] [39m[32mAdminModule dependencies initialized[39m[38;5;3m +0ms[39m
[32m[Nest] 14392  - [39m05/09/2026, 00.34.09 [32m    LOG[39m [38;5;3m[InstanceLoader] [39m[32mAvailabilityModule dependencies initialized[39m[38;5;3m +0ms[39m
[32m[Nest] 14392  - [39m05/09/2026, 00.34.09 [32m    LOG[39m [38;5;3m[InstanceLoader] [39m[32mConfigModule dependencies initialized[39m[38;5;3m +0ms[39m
[32m[Nest] 14392  - [39m05/09/2026, 00.34.09 [32m    LOG[39m [38;5;3m[InstanceLoader] [39m[32mBookingsModule dependencies initialized[39m[38;5;3m +3ms[39m
[32m[Nest] 14392  - [39m05/09/2026, 00.34.09 [32m    LOG[39m [38;5;3m[InstanceLoader] [39m[32mRedisModule dependencies initialized[39m[38;5;3m +0ms[39m
[32m[Nest] 14392  - [39m05/09/2026, 00.34.09 [32m    LOG[39m [38;5;3m[InstanceLoader] [39m[32mTicketsModule dependencies initialized[39m[38;5;3m +0ms[39m
[32m[Nest] 14392  - [39m05/09/2026, 00.34.09 [32m    LOG[39m [38;5;3m[InstanceLoader] [39m[32mVendorsModule dependencies initialized[39m[38;5;3m +0ms[39m
[32m[Nest] 14392  - [39m05/09/2026, 00.34.09 [32m    LOG[39m [38;5;3m[InstanceLoader] [39m[32mCheckinsModule dependencies initialized[39m[38;5;3m +0ms[39m
[32m[Nest] 14392  - [39m05/09/2026, 00.34.09 [32m    LOG[39m [38;5;3m[InstanceLoader] [39m[32mAppModule dependencies initialized[39m[38;5;3m +1ms[39m
[32m[Nest] 14392  - [39m05/09/2026, 00.34.09 [32m    LOG[39m [38;5;3m[InstanceLoader] [39m[32mNotificationsModule dependencies initialized[39m[38;5;3m +0ms[39m
[32m[Nest] 14392  - [39m05/09/2026, 00.34.09 [32m    LOG[39m [38;5;3m[InstanceLoader] [39m[32mReservationsModule dependencies initialized[39m[38;5;3m +0ms[39m
[32m[Nest] 14392  - [39m05/09/2026, 00.34.09 [32m    LOG[39m [38;5;3m[InstanceLoader] [39m[32mAuthModule dependencies initialized[39m[38;5;3m +0ms[39m
[32m[Nest] 14392  - [39m05/09/2026, 00.34.09 [32m    LOG[39m [38;5;3m[InstanceLoader] [39m[32mPaymentsModule dependencies initialized[39m[38;5;3m +0ms[39m
[32m[Nest] 14392  - [39m05/09/2026, 00.34.09 [32m    LOG[39m [38;5;3m[RoutesResolver] [39m[32mHealthController {/api/v1/health}:[39m[38;5;3m +20ms[39m
[32m[Nest] 14392  - [39m05/09/2026, 00.34.09 [32m    LOG[39m [38;5;3m[RouterExplorer] [39m[32mMapped {/api/v1/health, GET} route[39m[38;5;3m +1ms[39m
[32m[Nest] 14392  - [39m05/09/2026, 00.34.09 [32m    LOG[39m [38;5;3m[RoutesResolver] [39m[32mAuthController {/api/v1/auth}:[39m[38;5;3m +0ms[39m
[32m[Nest] 14392  - [39m05/09/2026, 00.34.09 [32m    LOG[39m [38;5;3m[RouterExplorer] [39m[32mMapped {/api/v1/auth/register, POST} route[39m[38;5;3m +1ms[39m
[32m[Nest] 14392  - [39m05/09/2026, 00.34.09 [32m    LOG[39m [38;5;3m[RouterExplorer] [39m[32mMapped {/api/v1/auth/login, POST} route[39m[38;5;3m +0ms[39m
[32m[Nest] 14392  - [39m05/09/2026, 00.34.09 [32m    LOG[39m [38;5;3m[RouterExplorer] [39m[32mMapped {/api/v1/auth/refresh, POST} route[39m[38;5;3m +0ms[39m
[32m[Nest] 14392  - [39m05/09/2026, 00.34.09 [32m    LOG[39m [38;5;3m[RouterExplorer] [39m[32mMapped {/api/v1/auth/logout, POST} route[39m[38;5;3m +1ms[39m
[32m[Nest] 14392  - [39m05/09/2026, 00.34.09 [32m    LOG[39m [38;5;3m[RouterExplorer] [39m[32mMapped {/api/v1/auth/me, GET} route[39m[38;5;3m +0ms[39m
[32m[Nest] 14392  - [39m05/09/2026, 00.34.09 [32m    LOG[39m [38;5;3m[RoutesResolver] [39m[32mUsersController {/api/v1/users}:[39m[38;5;3m +0ms[39m
[32m[Nest] 14392  - [39m05/09/2026, 00.34.09 [32m    LOG[39m [38;5;3m[RouterExplorer] [39m[32mMapped {/api/v1/users/me, GET} route[39m[38;5;3m +0ms[39m
[32m[Nest] 14392  - [39m05/09/2026, 00.34.09 [32m    LOG[39m [38;5;3m[RoutesResolver] [39m[32mRolesController {/api/v1/roles}:[39m[38;5;3m +0ms[39m
[32m[Nest] 14392  - [39m05/09/2026, 00.34.09 [32m    LOG[39m [38;5;3m[RouterExplorer] [39m[32mMapped {/api/v1/roles, GET} route[39m[38;5;3m +1ms[39m
[32m[Nest] 14392  - [39m05/09/2026, 00.34.09 [32m    LOG[39m [38;5;3m[RoutesResolver] [39m[32mVendorsController {/api/v1/vendors}:[39m[38;5;3m +0ms[39m
[32m[Nest] 14392  - [39m05/09/2026, 00.34.09 [32m    LOG[39m [38;5;3m[RouterExplorer] [39m[32mMapped {/api/v1/vendors, POST} route[39m[38;5;3m +0ms[39m
[32m[Nest] 14392  - [39m05/09/2026, 00.34.09 [32m    LOG[39m [38;5;3m[RoutesResolver] [39m[32mVendorProfileController {/api/v1/vendor}:[39m[38;5;3m +1ms[39m
[32m[Nest] 14392  - [39m05/09/2026, 00.34.09 [32m    LOG[39m [38;5;3m[RouterExplorer] [39m[32mMapped {/api/v1/vendor/profile, GET} route[39m[38;5;3m +0ms[39m
[32m[Nest] 14392  - [39m05/09/2026, 00.34.09 [32m    LOG[39m [38;5;3m[RouterExplorer] [39m[32mMapped {/api/v1/vendor/profile, PATCH} route[39m[38;5;3m +0ms[39m
[32m[Nest] 14392  - [39m05/09/2026, 00.34.09 [32m    LOG[39m [38;5;3m[RouterExplorer] [39m[32mMapped {/api/v1/vendor/documents, POST} route[39m[38;5;3m +1ms[39m
[32m[Nest] 14392  - [39m05/09/2026, 00.34.09 [32m    LOG[39m [38;5;3m[RouterExplorer] [39m[32mMapped {/api/v1/vendor/bookings, GET} route[39m[38;5;3m +0ms[39m
[32m[Nest] 14392  - [39m05/09/2026, 00.34.09 [32m    LOG[39m [38;5;3m[RouterExplorer] [39m[32mMapped {/api/v1/vendor/revenue, GET} route[39m[38;5;3m +0ms[39m
[32m[Nest] 14392  - [39m05/09/2026, 00.34.09 [32m    LOG[39m [38;5;3m[RouterExplorer] [39m[32mMapped {/api/v1/vendor/staff, POST} route[39m[38;5;3m +1ms[39m
[32m[Nest] 14392  - [39m05/09/2026, 00.34.09 [32m    LOG[39m [38;5;3m[RoutesResolver] [39m[32mRegionsController {/api/v1/regions}:[39m[38;5;3m +0ms[39m
[32m[Nest] 14392  - [39m05/09/2026, 00.34.09 [32m    LOG[39m [38;5;3m[RouterExplorer] [39m[32mMapped {/api/v1/regions, GET} route[39m[38;5;3m +0ms[39m
[32m[Nest] 14392  - [39m05/09/2026, 00.34.09 [32m    LOG[39m [38;5;3m[RoutesResolver] [39m[32mDestinationsController {/api/v1/destinations}:[39m[38;5;3m +0ms[39m
[32m[Nest] 14392  - [39m05/09/2026, 00.34.09 [32m    LOG[39m [38;5;3m[RouterExplorer] [39m[32mMapped {/api/v1/destinations, GET} route[39m[38;5;3m +0ms[39m
[32m[Nest] 14392  - [39m05/09/2026, 00.34.09 [32m    LOG[39m [38;5;3m[RouterExplorer] [39m[32mMapped {/api/v1/destinations/:slug, GET} route[39m[38;5;3m +1ms[39m
[32m[Nest] 14392  - [39m05/09/2026, 00.34.09 [32m    LOG[39m [38;5;3m[RoutesResolver] [39m[32mCategoriesController {/api/v1/categories}:[39m[38;5;3m +0ms[39m
[32m[Nest] 14392  - [39m05/09/2026, 00.34.09 [32m    LOG[39m [38;5;3m[RouterExplorer] [39m[32mMapped {/api/v1/categories, GET} route[39m[38;5;3m +0ms[39m
[32m[Nest] 14392  - [39m05/09/2026, 00.34.09 [32m    LOG[39m [38;5;3m[RouterExplorer] [39m[32mMapped {/api/v1/categories/:slug, GET} route[39m[38;5;3m +0ms[39m
[32m[Nest] 14392  - [39m05/09/2026, 00.34.09 [32m    LOG[39m [38;5;3m[RoutesResolver] [39m[32mActivitiesController {/api/v1/activities}:[39m[38;5;3m +0ms[39m
[32m[Nest] 14392  - [39m05/09/2026, 00.34.09 [32m    LOG[39m [38;5;3m[RouterExplorer] [39m[32mMapped {/api/v1/activities, GET} route[39m[38;5;3m +1ms[39m
[32m[Nest] 14392  - [39m05/09/2026, 00.34.09 [32m    LOG[39m [38;5;3m[RouterExplorer] [39m[32mMapped {/api/v1/activities/:slug, GET} route[39m[38;5;3m +0ms[39m
[32m[Nest] 14392  - [39m05/09/2026, 00.34.09 [32m    LOG[39m [38;5;3m[RoutesResolver] [39m[32mVendorActivitiesController {/api/v1/vendor/activities}:[39m[38;5;3m +0ms[39m
[32m[Nest] 14392  - [39m05/09/2026, 00.34.09 [32m    LOG[39m [38;5;3m[RouterExplorer] [39m[32mMapped {/api/v1/vendor/activities, GET} route[39m[38;5;3m +0ms[39m
[32m[Nest] 14392  - [39m05/09/2026, 00.34.09 [32m    LOG[39m [38;5;3m[RoutesResolver] [39m[32mPackagesController {/api/v1/packages}:[39m[38;5;3m +0ms[39m
[32m[Nest] 14392  - [39m05/09/2026, 00.34.09 [32m    LOG[39m [38;5;3m[RouterExplorer] [39m[32mMapped {/api/v1/packages/:id, GET} route[39m[38;5;3m +0ms[39m
[32m[Nest] 14392  - [39m05/09/2026, 00.34.09 [32m    LOG[39m [38;5;3m[RoutesResolver] [39m[32mVendorCalendarController {/api/v1/vendor/calendar}:[39m[38;5;3m +0ms[39m
[32m[Nest] 14392  - [39m05/09/2026, 00.34.09 [32m    LOG[39m [38;5;3m[RouterExplorer] [39m[32mMapped {/api/v1/vendor/calendar, GET} route[39m[38;5;3m +1ms[39m
[32m[Nest] 14392  - [39m05/09/2026, 00.34.09 [32m    LOG[39m [38;5;3m[RouterExplorer] [39m[32mMapped {/api/v1/vendor/calendar/schedules, POST} route[39m[38;5;3m +0ms[39m
[32m[Nest] 14392  - [39m05/09/2026, 00.34.09 [32m    LOG[39m [38;5;3m[RoutesResolver] [39m[32mAvailabilityController {/api/v1/packages/:id/availability}:[39m[38;5;3m +0ms[39m
[32m[Nest] 14392  - [39m05/09/2026, 00.34.09 [32m    LOG[39m [38;5;3m[RouterExplorer] [39m[32mMapped {/api/v1/packages/:id/availability, GET} route[39m[38;5;3m +0ms[39m
[32m[Nest] 14392  - [39m05/09/2026, 00.34.09 [32m    LOG[39m [38;5;3m[RoutesResolver] [39m[32mReservationsController {/api/v1/reservations}:[39m[38;5;3m +0ms[39m
[32m[Nest] 14392  - [39m05/09/2026, 00.34.09 [32m    LOG[39m [38;5;3m[RouterExplorer] [39m[32mMapped {/api/v1/reservations, POST} route[39m[38;5;3m +1ms[39m
[32m[Nest] 14392  - [39m05/09/2026, 00.34.09 [32m    LOG[39m [38;5;3m[RoutesResolver] [39m[32mBookingsController {/api/v1/bookings}:[39m[38;5;3m +0ms[39m
[32m[Nest] 14392  - [39m05/09/2026, 00.34.09 [32m    LOG[39m [38;5;3m[RouterExplorer] [39m[32mMapped {/api/v1/bookings, POST} route[39m[38;5;3m +0ms[39m
[32m[Nest] 14392  - [39m05/09/2026, 00.34.09 [32m    LOG[39m [38;5;3m[RouterExplorer] [39m[32mMapped {/api/v1/bookings/:bookingCode, GET} route[39m[38;5;3m +0ms[39m
[32m[Nest] 14392  - [39m05/09/2026, 00.34.09 [32m    LOG[39m [38;5;3m[RoutesResolver] [39m[32mBookingLookupController {/api/v1/booking-lookup}:[39m[38;5;3m +0ms[39m
[32m[Nest] 14392  - [39m05/09/2026, 00.34.09 [32m    LOG[39m [38;5;3m[RouterExplorer] [39m[32mMapped {/api/v1/booking-lookup, POST} route[39m[38;5;3m +1ms[39m
[32m[Nest] 14392  - [39m05/09/2026, 00.34.09 [32m    LOG[39m [38;5;3m[RoutesResolver] [39m[32mPaymentsController {/api/v1/payments}:[39m[38;5;3m +0ms[39m
[32m[Nest] 14392  - [39m05/09/2026, 00.34.09 [32m    LOG[39m [38;5;3m[RouterExplorer] [39m[32mMapped {/api/v1/payments, POST} route[39m[38;5;3m +0ms[39m
[32m[Nest] 14392  - [39m05/09/2026, 00.34.09 [32m    LOG[39m [38;5;3m[RouterExplorer] [39m[32mMapped {/api/v1/payments/:id, GET} route[39m[38;5;3m +0ms[39m
[32m[Nest] 14392  - [39m05/09/2026, 00.34.09 [32m    LOG[39m [38;5;3m[RoutesResolver] [39m[32mWebhooksController {/api/v1/webhooks}:[39m[38;5;3m +0ms[39m
[32m[Nest] 14392  - [39m05/09/2026, 00.34.09 [32m    LOG[39m [38;5;3m[RouterExplorer] [39m[32mMapped {/api/v1/webhooks/mayar, POST} route[39m[38;5;3m +1ms[39m
[32m[Nest] 14392  - [39m05/09/2026, 00.34.09 [32m    LOG[39m [38;5;3m[RoutesResolver] [39m[32mNotificationsController {/api/v1/notifications}:[39m[38;5;3m +0ms[39m
[32m[Nest] 14392  - [39m05/09/2026, 00.34.09 [32m    LOG[39m [38;5;3m[RouterExplorer] [39m[32mMapped {/api/v1/notifications, GET} route[39m[38;5;3m +0ms[39m
[32m[Nest] 14392  - [39m05/09/2026, 00.34.09 [32m    LOG[39m [38;5;3m[RoutesResolver] [39m[32mCheckinsController {/api/v1/vendor/checkins}:[39m[38;5;3m +0ms[39m
[32m[Nest] 14392  - [39m05/09/2026, 00.34.09 [32m    LOG[39m [38;5;3m[RouterExplorer] [39m[32mMapped {/api/v1/vendor/checkins/scan, POST} route[39m[38;5;3m +0ms[39m
[32m[Nest] 14392  - [39m05/09/2026, 00.34.09 [32m    LOG[39m [38;5;3m[RouterExplorer] [39m[32mMapped {/api/v1/vendor/checkins, GET} route[39m[38;5;3m +0ms[39m
[32m[Nest] 14392  - [39m05/09/2026, 00.34.09 [32m    LOG[39m [38;5;3m[RoutesResolver] [39m[32mReviewsController {/api/v1/reviews}:[39m[38;5;3m +0ms[39m
[32m[Nest] 14392  - [39m05/09/2026, 00.34.09 [32m    LOG[39m [38;5;3m[RouterExplorer] [39m[32mMapped {/api/v1/reviews/activity/:activityId, GET} route[39m[38;5;3m +1ms[39m
[32m[Nest] 14392  - [39m05/09/2026, 00.34.09 [32m    LOG[39m [38;5;3m[RouterExplorer] [39m[32mMapped {/api/v1/reviews/booking/:bookingId, POST} route[39m[38;5;3m +0ms[39m
[32m[Nest] 14392  - [39m05/09/2026, 00.34.09 [32m    LOG[39m [38;5;3m[RoutesResolver] [39m[32mRefundsController {/api/v1/refunds}:[39m[38;5;3m +0ms[39m
[32m[Nest] 14392  - [39m05/09/2026, 00.34.09 [32m    LOG[39m [38;5;3m[RouterExplorer] [39m[32mMapped {/api/v1/refunds, POST} route[39m[38;5;3m +0ms[39m
[32m[Nest] 14392  - [39m05/09/2026, 00.34.09 [32m    LOG[39m [38;5;3m[RouterExplorer] [39m[32mMapped {/api/v1/refunds/:id/approve, POST} route[39m[38;5;3m +0ms[39m
[32m[Nest] 14392  - [39m05/09/2026, 00.34.09 [32m    LOG[39m [38;5;3m[RouterExplorer] [39m[32mMapped {/api/v1/refunds, GET} route[39m[38;5;3m +0ms[39m
[32m[Nest] 14392  - [39m05/09/2026, 00.34.09 [32m    LOG[39m [38;5;3m[RoutesResolver] [39m[32mEarningsController {/api/v1/vendor/earnings}:[39m[38;5;3m +1ms[39m
[32m[Nest] 14392  - [39m05/09/2026, 00.34.09 [32m    LOG[39m [38;5;3m[RouterExplorer] [39m[32mMapped {/api/v1/vendor/earnings, GET} route[39m[38;5;3m +0ms[39m
[32m[Nest] 14392  - [39m05/09/2026, 00.34.09 [32m    LOG[39m [38;5;3m[RoutesResolver] [39m[32mVendorPayoutsController {/api/v1/vendor/payouts}:[39m[38;5;3m +0ms[39m
[32m[Nest] 14392  - [39m05/09/2026, 00.34.09 [32m    LOG[39m [38;5;3m[RouterExplorer] [39m[32mMapped {/api/v1/vendor/payouts, GET} route[39m[38;5;3m +0ms[39m
[32m[Nest] 14392  - [39m05/09/2026, 00.34.09 [32m    LOG[39m [38;5;3m[RouterExplorer] [39m[32mMapped {/api/v1/vendor/payouts, POST} route[39m[38;5;3m +0ms[39m
[32m[Nest] 14392  - [39m05/09/2026, 00.34.09 [32m    LOG[39m [38;5;3m[RoutesResolver] [39m[32mAdminPayoutsController {/api/v1/admin/payouts}:[39m[38;5;3m +0ms[39m
[32m[Nest] 14392  - [39m05/09/2026, 00.34.09 [32m    LOG[39m [38;5;3m[RouterExplorer] [39m[32mMapped {/api/v1/admin/payouts, GET} route[39m[38;5;3m +1ms[39m
[32m[Nest] 14392  - [39m05/09/2026, 00.34.09 [32m    LOG[39m [38;5;3m[RouterExplorer] [39m[32mMapped {/api/v1/admin/payouts/:id/process, POST} route[39m[38;5;3m +0ms[39m
[32m[Nest] 14392  - [39m05/09/2026, 00.34.09 [32m    LOG[39m [38;5;3m[RoutesResolver] [39m[32mCmsController {/api/v1/cms}:[39m[38;5;3m +0ms[39m
[32m[Nest] 14392  - [39m05/09/2026, 00.34.09 [32m    LOG[39m [38;5;3m[RouterExplorer] [39m[32mMapped {/api/v1/cms/pages/:slug, GET} route[39m[38;5;3m +0ms[39m
[32m[Nest] 14392  - [39m05/09/2026, 00.34.09 [32m    LOG[39m [38;5;3m[RouterExplorer] [39m[32mMapped {/api/v1/cms/banners, GET} route[39m[38;5;3m +0ms[39m
[32m[Nest] 14392  - [39m05/09/2026, 00.34.09 [32m    LOG[39m [38;5;3m[RoutesResolver] [39m[32mAdminCmsController {/api/v1/admin/cms}:[39m[38;5;3m +0ms[39m
[32m[Nest] 14392  - [39m05/09/2026, 00.34.09 [32m    LOG[39m [38;5;3m[RouterExplorer] [39m[32mMapped {/api/v1/admin/cms/pages, GET} route[39m[38;5;3m +1ms[39m
[32m[Nest] 14392  - [39m05/09/2026, 00.34.09 [32m    LOG[39m [38;5;3m[RouterExplorer] [39m[32mMapped {/api/v1/admin/cms/pages, POST} route[39m[38;5;3m +0ms[39m
[32m[Nest] 14392  - [39m05/09/2026, 00.34.09 [32m    LOG[39m [38;5;3m[RouterExplorer] [39m[32mMapped {/api/v1/admin/cms/pages/:id, PUT} route[39m[38;5;3m +0ms[39m
[32m[Nest] 14392  - [39m05/09/2026, 00.34.09 [32m    LOG[39m [38;5;3m[RouterExplorer] [39m[32mMapped {/api/v1/admin/cms/pages/:id, DELETE} route[39m[38;5;3m +0ms[39m
[32m[Nest] 14392  - [39m05/09/2026, 00.34.09 [32m    LOG[39m [38;5;3m[RouterExplorer] [39m[32mMapped {/api/v1/admin/cms/banners, POST} route[39m[38;5;3m +0ms[39m
[32m[Nest] 14392  - [39m05/09/2026, 00.34.09 [32m    LOG[39m [38;5;3m[RoutesResolver] [39m[32mSearchController {/api/v1/search}:[39m[38;5;3m +1ms[39m
[32m[Nest] 14392  - [39m05/09/2026, 00.34.09 [32m    LOG[39m [38;5;3m[RouterExplorer] [39m[32mMapped {/api/v1/search, GET} route[39m[38;5;3m +0ms[39m
[32m[Nest] 14392  - [39m05/09/2026, 00.34.09 [32m    LOG[39m [38;5;3m[RoutesResolver] [39m[32mAnalyticsController {/api/v1/admin/analytics}:[39m[38;5;3m +0ms[39m
[32m[Nest] 14392  - [39m05/09/2026, 00.34.09 [32m    LOG[39m [38;5;3m[RouterExplorer] [39m[32mMapped {/api/v1/admin/analytics/overview, GET} route[39m[38;5;3m +0ms[39m
[32m[Nest] 14392  - [39m05/09/2026, 00.34.09 [32m    LOG[39m [38;5;3m[RoutesResolver] [39m[32mAdminController {/api/v1/admin}:[39m[38;5;3m +0ms[39m
[32m[Nest] 14392  - [39m05/09/2026, 00.34.09 [32m    LOG[39m [38;5;3m[RouterExplorer] [39m[32mMapped {/api/v1/admin/dashboard, GET} route[39m[38;5;3m +0ms[39m
[32m[Nest] 14392  - [39m05/09/2026, 00.34.09 [32m    LOG[39m [38;5;3m[RouterExplorer] [39m[32mMapped {/api/v1/admin/vendors, GET} route[39m[38;5;3m +0ms[39m
[32m[Nest] 14392  - [39m05/09/2026, 00.34.09 [32m    LOG[39m [38;5;3m[RouterExplorer] [39m[32mMapped {/api/v1/admin/vendors/:id/approve, POST} route[39m[38;5;3m +1ms[39m
[32m[Nest] 14392  - [39m05/09/2026, 00.34.09 [32m    LOG[39m [38;5;3m[RouterExplorer] [39m[32mMapped {/api/v1/admin/vendors/:id/reject, POST} route[39m[38;5;3m +0ms[39m
[32m[Nest] 14392  - [39m05/09/2026, 00.34.09 [32m    LOG[39m [38;5;3m[RouterExplorer] [39m[32mMapped {/api/v1/admin/vendors/:id/suspend, POST} route[39m[38;5;3m +0ms[39m
[32m[Nest] 14392  - [39m05/09/2026, 00.34.09 [32m    LOG[39m [38;5;3m[RouterExplorer] [39m[32mMapped {/api/v1/admin/activities, GET} route[39m[38;5;3m +0ms[39m
[32m[Nest] 14392  - [39m05/09/2026, 00.34.09 [32m    LOG[39m [38;5;3m[RouterExplorer] [39m[32mMapped {/api/v1/admin/activities/:id/approve, POST} route[39m[38;5;3m +0ms[39m
[32m[Nest] 14392  - [39m05/09/2026, 00.34.09 [32m    LOG[39m [38;5;3m[RouterExplorer] [39m[32mMapped {/api/v1/admin/activities/:id/reject, POST} route[39m[38;5;3m +0ms[39m
[32m[Nest] 14392  - [39m05/09/2026, 00.34.09 [32m    LOG[39m [38;5;3m[RouterExplorer] [39m[32mMapped {/api/v1/admin/activities/:id/suspend, POST} route[39m[38;5;3m +1ms[39m
[32m[Nest] 14392  - [39m05/09/2026, 00.34.09 [32m    LOG[39m [38;5;3m[RouterExplorer] [39m[32mMapped {/api/v1/admin/bookings, GET} route[39m[38;5;3m +0ms[39m
[32m[Nest] 14392  - [39m05/09/2026, 00.34.09 [32m    LOG[39m [38;5;3m[RouterExplorer] [39m[32mMapped {/api/v1/admin/payments, GET} route[39m[38;5;3m +0ms[39m
[32m[Nest] 14392  - [39m05/09/2026, 00.34.09 [32m    LOG[39m [38;5;3m[NestApplication] [39m[32mNest application successfully started[39m[38;5;3m +18ms[39m
API running on http://localhost:4000
